{
    "TUNNEL_DECAP_TABLE:IPINIP_TUNNEL" : {
        "tunnel_type":"IPINIP",
        "dscp_mode":"pipe",
        "ecn_mode":"copy_from_outer",
        "ttl_mode":"pipe"
    },
    "TUNNEL_DECAP_TABLE:IPINIP_V6_TUNNEL" : {
        "tunnel_type":"IPINIP",
        "dscp_mode":"pipe",
        "ecn_mode":"copy_from_outer",
        "ttl_mode":"pipe"
    },
    "TUNNEL_DECAP_TABLE:IPINIP_SUBNET" : {
        "tunnel_type":"IPINIP",
        "dscp_mode":"pipe",
        "ecn_mode":"copy_from_outer",
        "ttl_mode":"pipe"
    },
    "TUNNEL_DECAP_TABLE:IPINIP_SUBNET_V6" : {
        "tunnel_type":"IPINIP",
        "dscp_mode":"pipe",
        "ecn_mode":"copy_from_outer",
        "ttl_mode":"pipe"
    }
}
