{
    "RESTAPI|config": {
            "client_auth": "true", 
            "log_level": "info", 
            "allow_insecure": "false"
        },
    "RESTAPI|certs": {
            "server_key": "/etc/sonic/credentials/restapi.key",
            "ca_crt": "/etc/sonic/credentials/restapi.crt",
            "server_crt": "/etc/sonic/credentials/restapi.crt",
            "client_crt_cname": "client.restapi.sonic"
        },
    "TELEMETRY|gnmi": {
            "client_auth": "true", 
            "log_level": "2", 
            "port": "50051"
        }, 
    "TELEMETRY|certs": {
            "server_key": "/etc/sonic/telemetry/streamingtelemetryserver.key", 
            "ca_crt": "/etc/sonic/telemetry/dsmsroot.cer", 
            "server_crt": "/etc/sonic/telemetry/streamingtelemetryserver.cer"
        },
    "CONSOLE_SWITCH|console_mgmt": {
            "enabled": "no"
        },
    "DEVICE_METADATA|localhost": {
        "docker_routing_config_mode": "separated"
    }
}