{
    "TACPLUS|global": {
        "auth_type": "login",
        "passkey": "testpasskey"
    }
}